// Jest Snapshot v1, https://goo.gl/fbAQLP

exports[`CartService Get all items 1`] = `
Array [
  Object {
    "id": 1,
    "name": "hello",
  },
]
`;
